likit@LAPTOP-FBUNCI21 MINGW64 ~
$ git --version
git version 2.50.1.windows.1

likit@LAPTOP-FBUNCI21 MINGW64 ~
$ cd c:

likit@LAPTOP-FBUNCI21 MINGW64 /c
$ mkdir gitdemo

likit@LAPTOP-FBUNCI21 MINGW64 /c
$ cd gitdemo

likit@LAPTOP-FBUNCI21 MINGW64 /c/gitdemo
$ git init
Initialized empty Git repository in C:/gitdemo/.git/

likit@LAPTOP-FBUNCI21 MINGW64 /c/gitdemo (master)
$ git add .

likit@LAPTOP-FBUNCI21 MINGW64 /c/gitdemo (master)
$ git status
On branch master

No commits yet

nothing to commit (create/copy files and use "git add" to track)

likit@LAPTOP-FBUNCI21 MINGW64 /c/gitdemo (master)
$ git commit -m "samplegitdemo"
Author identity unknown

*** Please tell me who you are.

Run

  git config --global user.email "you@example.com"
  git config --global user.name "Your Name"

to set your account's default identity.
Omit --global to set the identity only in this repository.

fatal: unable to auto-detect email address (got 'likit@LAPTOP-FBUNCI21.(none)')

likit@LAPTOP-FBUNCI21 MINGW64 /c/gitdemo (master)
$ ^C

likit@LAPTOP-FBUNCI21 MINGW64 /c/gitdemo (master)
$ git config --global user.email"likithavegi@gmail.com"

likit@LAPTOP-FBUNCI21 MINGW64 /c/gitdemo (master)
$ git config --global user.name"Sowmya"

likit@LAPTOP-FBUNCI21 MINGW64 /c/gitdemo (master)
$ git add .

likit@LAPTOP-FBUNCI21 MINGW64 /c/gitdemo (master)
$ git commit -m "samplegitdemo"
Author identity unknown

*** Please tell me who you are.

Run

  git config --global user.email "you@example.com"
  git config --global user.name "Your Name"

to set your account's default identity.
Omit --global to set the identity only in this repository.

fatal: unable to auto-detect email address (got 'likit@LAPTOP-FBUNCI21.(none)')

likit@LAPTOP-FBUNCI21 MINGW64 /c/gitdemo (master)
$ git config --global user.email "likthavegi@gmail.com"

likit@LAPTOP-FBUNCI21 MINGW64 /c/gitdemo (master)
$ git config --global user.name "Sowmya"

likit@LAPTOP-FBUNCI21 MINGW64 /c/gitdemo (master)
$ git add .

likit@LAPTOP-FBUNCI21 MINGW64 /c/gitdemo (master)
$ git commit -m "samplegitdemo"
On branch master

Initial commit

nothing to commit (create/copy files and use "git add" to track)

likit@LAPTOP-FBUNCI21 MINGW64 /c/gitdemo (master)
$ git add .

likit@LAPTOP-FBUNCI21 MINGW64 /c/gitdemo (master)
$ git status
On branch master

No commits yet

Changes to be committed:
  (use "git rm --cached <file>..." to unstage)
        new file:   sample.py


likit@LAPTOP-FBUNCI21 MINGW64 /c/gitdemo (master)
$ git commit -m "samplegitdemo"
[master (root-commit) 92b8fc8] samplegitdemo
 1 file changed, 1 insertion(+)
 create mode 100644 sample.py

likit@LAPTOP-FBUNCI21 MINGW64 /c/gitdemo (master)
$ git remote add origin https://github.com/SowmyaVegi/csm2_day1.git

likit@LAPTOP-FBUNCI21 MINGW64 /c/gitdemo (master)
$ git branch -M master

likit@LAPTOP-FBUNCI21 MINGW64 /c/gitdemo (master)
$ git push -u origin master
info: please complete authentication in your browser...
Enumerating objects: 3, done.
Counting objects: 100% (3/3), done.
Writing objects: 100% (3/3), 247 bytes | 247.00 KiB/s, done.
Total 3 (delta 0), reused 0 (delta 0), pack-reused 0 (from 0)
remote:
remote: Create a pull request for 'master' on GitHub by visiting:
remote:      https://github.com/SowmyaVegi/csm2_day1/pull/new/master
remote:
To https://github.com/SowmyaVegi/csm2_day1.git
 * [new branch]      master -> master
branch 'master' set up to track 'origin/master'.

likit@LAPTOP-FBUNCI21 MINGW64 /c/gitdemo (master)
$
